// Jest Snapshot v1, https://goo.gl/fbAQLP

exports[`teste componente cabecalho 1`] = `
ShallowWrapper {
  "length": 1,
  Symbol(enzyme.__root__): [Circular],
  Symbol(enzyme.__unrendered__): <Cabecalho />,
  Symbol(enzyme.__renderer__): Object {
    "batchedUpdates": [Function],
    "getNode": [Function],
    "render": [Function],
    "simulateEvent": [Function],
    "unmount": [Function],
  },
  Symbol(enzyme.__node__): Object {
    "instance": null,
    "key": undefined,
    "nodeType": "host",
    "props": Object {
      "children": Array [
        <h1>
          Exepensivo App
</h1>,
        <NavLink
          activeClassName="is-active"
          ariaCurrent="true"
          exact={true}
          to="/"
>
          Home
</NavLink>,
        <NavLink
          activeClassName="is-active"
          ariaCurrent="true"
          to="/help"
>
          Ajuda
</NavLink>,
        <NavLink
          activeClassName="is-active"
          ariaCurrent="true"
          to="/edit"
>
          Editar
</NavLink>,
        <NavLink
          activeClassName="is-active"
          ariaCurrent="true"
          to="/create"
>
          Create page
</NavLink>,
      ],
    },
    "ref": null,
    "rendered": Array [
      Object {
        "instance": null,
        "key": undefined,
        "nodeType": "host",
        "props": Object {
          "children": "Exepensivo App",
        },
        "ref": null,
        "rendered": "Exepensivo App",
        "type": "h1",
      },
      Object {
        "instance": null,
        "key": undefined,
        "nodeType": "function",
        "props": Object {
          "activeClassName": "is-active",
          "ariaCurrent": "true",
          "children": "Home",
          "exact": true,
          "to": "/",
        },
        "ref": null,
        "rendered": "Home",
        "type": [Function],
      },
      Object {
        "instance": null,
        "key": undefined,
        "nodeType": "function",
        "props": Object {
          "activeClassName": "is-active",
          "ariaCurrent": "true",
          "children": "Ajuda",
          "to": "/help",
        },
        "ref": null,
        "rendered": "Ajuda",
        "type": [Function],
      },
      Object {
        "instance": null,
        "key": undefined,
        "nodeType": "function",
        "props": Object {
          "activeClassName": "is-active",
          "ariaCurrent": "true",
          "children": "Editar",
          "to": "/edit",
        },
        "ref": null,
        "rendered": "Editar",
        "type": [Function],
      },
      Object {
        "instance": null,
        "key": undefined,
        "nodeType": "function",
        "props": Object {
          "activeClassName": "is-active",
          "ariaCurrent": "true",
          "children": "Create page",
          "to": "/create",
        },
        "ref": null,
        "rendered": "Create page",
        "type": [Function],
      },
    ],
    "type": "div",
  },
  Symbol(enzyme.__nodes__): Array [
    Object {
      "instance": null,
      "key": undefined,
      "nodeType": "host",
      "props": Object {
        "children": Array [
          <h1>
            Exepensivo App
</h1>,
          <NavLink
            activeClassName="is-active"
            ariaCurrent="true"
            exact={true}
            to="/"
>
            Home
</NavLink>,
          <NavLink
            activeClassName="is-active"
            ariaCurrent="true"
            to="/help"
>
            Ajuda
</NavLink>,
          <NavLink
            activeClassName="is-active"
            ariaCurrent="true"
            to="/edit"
>
            Editar
</NavLink>,
          <NavLink
            activeClassName="is-active"
            ariaCurrent="true"
            to="/create"
>
            Create page
</NavLink>,
        ],
      },
      "ref": null,
      "rendered": Array [
        Object {
          "instance": null,
          "key": undefined,
          "nodeType": "host",
          "props": Object {
            "children": "Exepensivo App",
          },
          "ref": null,
          "rendered": "Exepensivo App",
          "type": "h1",
        },
        Object {
          "instance": null,
          "key": undefined,
          "nodeType": "function",
          "props": Object {
            "activeClassName": "is-active",
            "ariaCurrent": "true",
            "children": "Home",
            "exact": true,
            "to": "/",
          },
          "ref": null,
          "rendered": "Home",
          "type": [Function],
        },
        Object {
          "instance": null,
          "key": undefined,
          "nodeType": "function",
          "props": Object {
            "activeClassName": "is-active",
            "ariaCurrent": "true",
            "children": "Ajuda",
            "to": "/help",
          },
          "ref": null,
          "rendered": "Ajuda",
          "type": [Function],
        },
        Object {
          "instance": null,
          "key": undefined,
          "nodeType": "function",
          "props": Object {
            "activeClassName": "is-active",
            "ariaCurrent": "true",
            "children": "Editar",
            "to": "/edit",
          },
          "ref": null,
          "rendered": "Editar",
          "type": [Function],
        },
        Object {
          "instance": null,
          "key": undefined,
          "nodeType": "function",
          "props": Object {
            "activeClassName": "is-active",
            "ariaCurrent": "true",
            "children": "Create page",
            "to": "/create",
          },
          "ref": null,
          "rendered": "Create page",
          "type": [Function],
        },
      ],
      "type": "div",
    },
  ],
  Symbol(enzyme.__options__): Object {
    "adapter": ReactSixteenAdapter {
      "options": Object {
        "enableComponentDidUpdateOnSetState": true,
      },
    },
  },
}
`;
