// Jest Snapshot v1, https://goo.gl/fbAQLP

exports[`expenses list item 1`] = `
ShallowWrapper {
  "length": 1,
  Symbol(enzyme.__root__): [Circular],
  Symbol(enzyme.__unrendered__): <NotFoundPage />,
  Symbol(enzyme.__renderer__): Object {
    "batchedUpdates": [Function],
    "getNode": [Function],
    "render": [Function],
    "simulateEvent": [Function],
    "unmount": [Function],
  },
  Symbol(enzyme.__node__): Object {
    "instance": null,
    "key": undefined,
    "nodeType": "host",
    "props": Object {
      "children": Array [
        "Error 404! pagina nao encontrada",
        <br />,
        <Link
          replace={false}
          to="/"
>
          Voltar pra casa
</Link>,
        <br />,
        <Link
          replace={false}
          to="/"
>
          <img
                    src="https://image.freepik.com/vetores-gratis/glitch-error-404-page-background_23-2148072533.jpg"
          />
</Link>,
      ],
    },
    "ref": null,
    "rendered": Array [
      "Error 404! pagina nao encontrada",
      Object {
        "instance": null,
        "key": undefined,
        "nodeType": "host",
        "props": Object {},
        "ref": null,
        "rendered": null,
        "type": "br",
      },
      Object {
        "instance": null,
        "key": undefined,
        "nodeType": "class",
        "props": Object {
          "children": "Voltar pra casa",
          "replace": false,
          "to": "/",
        },
        "ref": null,
        "rendered": "Voltar pra casa",
        "type": [Function],
      },
      Object {
        "instance": null,
        "key": undefined,
        "nodeType": "host",
        "props": Object {},
        "ref": null,
        "rendered": null,
        "type": "br",
      },
      Object {
        "instance": null,
        "key": undefined,
        "nodeType": "class",
        "props": Object {
          "children": <img
            src="https://image.freepik.com/vetores-gratis/glitch-error-404-page-background_23-2148072533.jpg"
/>,
          "replace": false,
          "to": "/",
        },
        "ref": null,
        "rendered": Object {
          "instance": null,
          "key": undefined,
          "nodeType": "host",
          "props": Object {
            "src": "https://image.freepik.com/vetores-gratis/glitch-error-404-page-background_23-2148072533.jpg",
          },
          "ref": null,
          "rendered": null,
          "type": "img",
        },
        "type": [Function],
      },
    ],
    "type": "div",
  },
  Symbol(enzyme.__nodes__): Array [
    Object {
      "instance": null,
      "key": undefined,
      "nodeType": "host",
      "props": Object {
        "children": Array [
          "Error 404! pagina nao encontrada",
          <br />,
          <Link
            replace={false}
            to="/"
>
            Voltar pra casa
</Link>,
          <br />,
          <Link
            replace={false}
            to="/"
>
            <img
                        src="https://image.freepik.com/vetores-gratis/glitch-error-404-page-background_23-2148072533.jpg"
            />
</Link>,
        ],
      },
      "ref": null,
      "rendered": Array [
        "Error 404! pagina nao encontrada",
        Object {
          "instance": null,
          "key": undefined,
          "nodeType": "host",
          "props": Object {},
          "ref": null,
          "rendered": null,
          "type": "br",
        },
        Object {
          "instance": null,
          "key": undefined,
          "nodeType": "class",
          "props": Object {
            "children": "Voltar pra casa",
            "replace": false,
            "to": "/",
          },
          "ref": null,
          "rendered": "Voltar pra casa",
          "type": [Function],
        },
        Object {
          "instance": null,
          "key": undefined,
          "nodeType": "host",
          "props": Object {},
          "ref": null,
          "rendered": null,
          "type": "br",
        },
        Object {
          "instance": null,
          "key": undefined,
          "nodeType": "class",
          "props": Object {
            "children": <img
              src="https://image.freepik.com/vetores-gratis/glitch-error-404-page-background_23-2148072533.jpg"
/>,
            "replace": false,
            "to": "/",
          },
          "ref": null,
          "rendered": Object {
            "instance": null,
            "key": undefined,
            "nodeType": "host",
            "props": Object {
              "src": "https://image.freepik.com/vetores-gratis/glitch-error-404-page-background_23-2148072533.jpg",
            },
            "ref": null,
            "rendered": null,
            "type": "img",
          },
          "type": [Function],
        },
      ],
      "type": "div",
    },
  ],
  Symbol(enzyme.__options__): Object {
    "adapter": ReactSixteenAdapter {
      "options": Object {
        "enableComponentDidUpdateOnSetState": true,
      },
    },
  },
}
`;

exports[`expenses notFound page 1`] = `
ShallowWrapper {
  "length": 1,
  Symbol(enzyme.__root__): [Circular],
  Symbol(enzyme.__unrendered__): <NotFoundPage />,
  Symbol(enzyme.__renderer__): Object {
    "batchedUpdates": [Function],
    "getNode": [Function],
    "render": [Function],
    "simulateEvent": [Function],
    "unmount": [Function],
  },
  Symbol(enzyme.__node__): Object {
    "instance": null,
    "key": undefined,
    "nodeType": "host",
    "props": Object {
      "children": Array [
        "Error 404! pagina nao encontrada",
        <br />,
        <Link
          replace={false}
          to="/"
>
          Voltar pra casa
</Link>,
        <br />,
        <Link
          replace={false}
          to="/"
>
          <img
                    src="https://image.freepik.com/vetores-gratis/glitch-error-404-page-background_23-2148072533.jpg"
          />
</Link>,
      ],
    },
    "ref": null,
    "rendered": Array [
      "Error 404! pagina nao encontrada",
      Object {
        "instance": null,
        "key": undefined,
        "nodeType": "host",
        "props": Object {},
        "ref": null,
        "rendered": null,
        "type": "br",
      },
      Object {
        "instance": null,
        "key": undefined,
        "nodeType": "class",
        "props": Object {
          "children": "Voltar pra casa",
          "replace": false,
          "to": "/",
        },
        "ref": null,
        "rendered": "Voltar pra casa",
        "type": [Function],
      },
      Object {
        "instance": null,
        "key": undefined,
        "nodeType": "host",
        "props": Object {},
        "ref": null,
        "rendered": null,
        "type": "br",
      },
      Object {
        "instance": null,
        "key": undefined,
        "nodeType": "class",
        "props": Object {
          "children": <img
            src="https://image.freepik.com/vetores-gratis/glitch-error-404-page-background_23-2148072533.jpg"
/>,
          "replace": false,
          "to": "/",
        },
        "ref": null,
        "rendered": Object {
          "instance": null,
          "key": undefined,
          "nodeType": "host",
          "props": Object {
            "src": "https://image.freepik.com/vetores-gratis/glitch-error-404-page-background_23-2148072533.jpg",
          },
          "ref": null,
          "rendered": null,
          "type": "img",
        },
        "type": [Function],
      },
    ],
    "type": "div",
  },
  Symbol(enzyme.__nodes__): Array [
    Object {
      "instance": null,
      "key": undefined,
      "nodeType": "host",
      "props": Object {
        "children": Array [
          "Error 404! pagina nao encontrada",
          <br />,
          <Link
            replace={false}
            to="/"
>
            Voltar pra casa
</Link>,
          <br />,
          <Link
            replace={false}
            to="/"
>
            <img
                        src="https://image.freepik.com/vetores-gratis/glitch-error-404-page-background_23-2148072533.jpg"
            />
</Link>,
        ],
      },
      "ref": null,
      "rendered": Array [
        "Error 404! pagina nao encontrada",
        Object {
          "instance": null,
          "key": undefined,
          "nodeType": "host",
          "props": Object {},
          "ref": null,
          "rendered": null,
          "type": "br",
        },
        Object {
          "instance": null,
          "key": undefined,
          "nodeType": "class",
          "props": Object {
            "children": "Voltar pra casa",
            "replace": false,
            "to": "/",
          },
          "ref": null,
          "rendered": "Voltar pra casa",
          "type": [Function],
        },
        Object {
          "instance": null,
          "key": undefined,
          "nodeType": "host",
          "props": Object {},
          "ref": null,
          "rendered": null,
          "type": "br",
        },
        Object {
          "instance": null,
          "key": undefined,
          "nodeType": "class",
          "props": Object {
            "children": <img
              src="https://image.freepik.com/vetores-gratis/glitch-error-404-page-background_23-2148072533.jpg"
/>,
            "replace": false,
            "to": "/",
          },
          "ref": null,
          "rendered": Object {
            "instance": null,
            "key": undefined,
            "nodeType": "host",
            "props": Object {
              "src": "https://image.freepik.com/vetores-gratis/glitch-error-404-page-background_23-2148072533.jpg",
            },
            "ref": null,
            "rendered": null,
            "type": "img",
          },
          "type": [Function],
        },
      ],
      "type": "div",
    },
  ],
  Symbol(enzyme.__options__): Object {
    "adapter": ReactSixteenAdapter {
      "options": Object {
        "enableComponentDidUpdateOnSetState": true,
      },
    },
  },
}
`;
